2026-02-04T00:10:13.84706+02:00 === pty trace start pid=95009 cmd="/bin/rm" args=["/bin/rm" "hash-trace.jsonl"] pty="/dev/ptmx" path="/Users/assaf/projects/hash/hash-pty-trace.log"
2026-02-04T00:10:13.847135+02:00 terminal stdin fd=0 is_tty=true
2026-02-04T00:10:13.847183+02:00 pty size set rows=52 cols=215
2026-02-04T00:10:13.902311+02:00 cmd.Wait returned err=<nil>
2026-02-04T00:10:13.902357+02:00 closing stdin copy
2026-02-04T00:10:13.902366+02:00 pty->stdout copy stopped: ok
2026-02-04T00:10:13.957364+02:00 stdin->pty copy (poll) stopped: done
2026-02-04T00:10:13.957449+02:00 trace stop in_read=never in_write=never out_read=never out_write=never
2026-02-04T00:10:13.957512+02:00 trace end in_read=never in_write=never out_read=never out_write=never
2026-02-04T00:10:13.957517+02:00 === pty trace end
2026-02-04T00:10:16.795114+02:00 === pty trace start pid=95044 cmd="/opt/homebrew/bin/jj" args=["/opt/homebrew/bin/jj" "status"] pty="/dev/ptmx" path="/Users/assaf/projects/hash/hash-pty-trace.log"
2026-02-04T00:10:16.795157+02:00 terminal stdin fd=0 is_tty=true
2026-02-04T00:10:16.795214+02:00 pty size set rows=52 cols=215
2026-02-04T00:10:16.866286+02:00 pty->stdout copy stopped: ok
2026-02-04T00:10:16.866314+02:00 cmd.Wait returned err=<nil>
2026-02-04T00:10:16.866362+02:00 closing stdin copy
2026-02-04T00:10:16.905342+02:00 stdin->pty copy (poll) stopped: done
2026-02-04T00:10:16.905453+02:00 trace stop in_read=never in_write=never out_read=2026-02-04T00:10:16.864481+02:00 (41ms ago) out_write=2026-02-04T00:10:16.864484+02:00 (41ms ago)
2026-02-04T00:10:16.905514+02:00 trace end in_read=never in_write=never out_read=2026-02-04T00:10:16.864481+02:00 (41ms ago) out_write=2026-02-04T00:10:16.864484+02:00 (41ms ago)
2026-02-04T00:10:16.905521+02:00 === pty trace end
2026-02-04T00:10:31.314018+02:00 === pty trace start pid=95095 cmd="/opt/homebrew/bin/jj" args=["/opt/homebrew/bin/jj" "resolve"] pty="/dev/ptmx" path="/Users/assaf/projects/hash/hash-pty-trace.log"
2026-02-04T00:10:31.314089+02:00 terminal stdin fd=0 is_tty=true
2026-02-04T00:10:31.31415+02:00 pty size set rows=52 cols=215
2026-02-04T00:10:31.379209+02:00 pty->stdout copy stopped: ok
2026-02-04T00:10:31.37925+02:00 cmd.Wait returned err=exit status 2
2026-02-04T00:10:31.379302+02:00 closing stdin copy
2026-02-04T00:10:31.420721+02:00 stdin->pty copy (poll) stopped: done
2026-02-04T00:10:31.420824+02:00 trace stop in_read=never in_write=never out_read=2026-02-04T00:10:31.378526+02:00 (42ms ago) out_write=2026-02-04T00:10:31.378529+02:00 (42ms ago)
2026-02-04T00:10:31.420899+02:00 trace end in_read=never in_write=never out_read=2026-02-04T00:10:31.378526+02:00 (42ms ago) out_write=2026-02-04T00:10:31.378529+02:00 (42ms ago)
2026-02-04T00:10:31.420909+02:00 === pty trace end
2026-02-04T00:10:47.920371+02:00 === pty trace start pid=95144 cmd="/opt/homebrew/bin/jj" args=["/opt/homebrew/bin/jj" "squash"] pty="/dev/ptmx" path="/Users/assaf/projects/hash/hash-pty-trace.log"
2026-02-04T00:10:47.92047+02:00 terminal stdin fd=0 is_tty=true
2026-02-04T00:10:47.920581+02:00 pty size set rows=52 cols=215
